1: 1507027422288273 42 | Ethernet: 01:23:45:67:89:af 01:23:45:67:89:a0 | IPv4: 192.168.1.5 192.168.1.6 64 | TCP: 54323 888 0 0 ......S.
2: 1507027398050420 42 | Ethernet: 01:23:45:67:89:ad 01:23:45:67:89:ae | IPv4: 192.168.1.3 192.168.1.4 64 | TCP: 54322 777 0 0 ......S.
3: 1507027388610388 42 | Ethernet: 01:23:45:67:89:ab 01:23:45:67:89:ac | IPv4: 192.168.1.1 192.168.1.2 64 | UDP: 54321 666
