1: 1507025933348357 90 | Ethernet: 01:23:45:67:89:ab 01:23:45:67:89:ac | IPv4: 192.168.1.1 192.168.1.2 64 | TCP: 54321 666 0 0 ......S.
2: 1507025949455164 76 | Ethernet: 01:23:45:67:89:ac 01:23:45:67:89:ab | IPv4: 192.168.1.2 192.168.1.1 64 | TCP: 666 54321 0 0 ......S.
3: 1507025950670040 85 | Ethernet: 01:23:45:67:89:ab 01:23:45:67:89:ac | IPv4: 192.168.1.1 192.168.1.2 64 | TCP: 54321 666 0 0 ......S.
4: 1507025951564182 85 | Ethernet: 01:23:45:67:89:ac 01:23:45:67:89:ab | IPv4: 192.168.1.2 192.168.1.1 64 | TCP: 666 54321 0 0 ......S.
5: 1507025952857185 94 | Ethernet: 01:23:45:67:89:ab 01:23:45:67:89:ac | IPv4: 192.168.1.1 192.168.1.2 64 | TCP: 54321 666 0 0 ......S.
6: 1507025968692963 100 | Ethernet: 01:23:45:67:89:ad 01:23:45:67:89:ae | IPv6: 2001:db8::1 2001:db8::2 64 | UDP: 54321 666
7: 1507025988052635 67 | Ethernet: 01:23:45:67:89:ae 01:23:45:67:89:ad | IPv6: 2001:db8::2 2001:db8::1 64 | UDP: 666 54321
8: 1507025990199610 111 | Ethernet: 01:23:45:67:89:ad 01:23:45:67:89:ae | IPv6: 2001:db8::1 2001:db8::2 64 | UDP: 54321 666
9: 1507025991143626 76 | Ethernet: 01:23:45:67:89:ae 01:23:45:67:89:ad | IPv6: 2001:db8::2 2001:db8::1 64 | UDP: 666 54321
10: 1507025992127657 104 | Ethernet: 01:23:45:67:89:ad 01:23:45:67:89:ae | IPv6: 2001:db8::1 2001:db8::2 64 | UDP: 54321 666
