1: 1507020992331332 66 | Ethernet: 01:23:45:67:89:ab 01:23:45:67:89:ac 15 | IPv6: 2001:db8::1 2001:db8::2 64 | UDP: 54321 80
