2001:db8::1: 3 315
192.168.1.1: 3 269
192.168.1.2: 2 161
2001:db8::2: 2 143
