1: 1507025933348357 90 | Ethernet: 01:23:45:67:89:ab 01:23:45:67:89:ac | IPv4: 192.168.1.1 192.168.1.2 64 | TCP: 54321 666 0 0 ......S.
2: 1507025949455164 76 | Ethernet: 01:23:45:67:89:ac 01:23:45:67:89:ab | IPv4: 192.168.1.2 192.168.1.1 64 | TCP: 666 54321 0 0 ......S.
3: 1507025950670040 85 | Ethernet: 01:23:45:67:89:ab 01:23:45:67:89:ac | IPv4: 192.168.1.1 192.168.1.2 64 | TCP: 54321 666 0 0 ......S.
