1: 1507025968692963 100 | Ethernet: 01:23:45:67:89:ad 01:23:45:67:89:ae | IPv6: 2001:db8::1 2001:db8::2 64 | UDP: 54321 666
2: 1507025990199610 111 | Ethernet: 01:23:45:67:89:ad 01:23:45:67:89:ae | IPv6: 2001:db8::1 2001:db8::2 64 | UDP: 54321 666
3: 1507025992127657 104 | Ethernet: 01:23:45:67:89:ad 01:23:45:67:89:ae | IPv6: 2001:db8::1 2001:db8::2 64 | UDP: 54321 666
