1: 1507023901386641 50 | Ethernet: 01:23:45:67:89:ab 01:23:45:67:89:ac 15 30 | IPv4: 192.168.1.1 192.168.1.2 64 | ICMPv4: 11 0 time exceeded time to live exceeded in transit
