1: 1507024246062904 62 | Ethernet: 01:23:45:67:89:ab 01:23:45:67:89:ac | IPv6: 2001:db8::1 2001:db8::2 64 | ICMPv6: 1 1 destination unreachable communication with destination administratively prohibited
