1: 1507020707944702 54 | Ethernet: 01:23:45:67:89:ab 01:23:45:67:89:ac | IPv4: 192.168.1.1 192.168.1.2 64 | TCP: 54321 80 0 0 ......S.
